
> learning@0.1.0 build
> next build

node.exe : ΓÜá 
Warning: Next.js 
inferred your 
workspace root, but 
it may not be 
correct.
At C:\Program Files\n
odejs\npm.ps1:29 
char:3
+   & $NODE_EXE 
$NPM_CLI_JS $args
+   ~~~~~~~~~~~~~~~~~
~~~~~~~~~~~~
    + CategoryInfo   
           : NotSpe  
  cified: (ΓÜá War   
 ning: Ne...not b    
e correct.:Strin    
g) [], RemoteExc    
eption
    + FullyQualified 
   ErrorId : Native  
  CommandError
 
 We detected 
multiple lockfiles 
and selected the 
directory of C:\Users
\Vaibhav\package-lock
.json as the root 
directory.
 To silence this 
warning, set 
`turbopack.root` in 
your Next.js config, 
or consider removing 
one of the lockfiles 
if it's not needed.
   See https://nextjs
.org/docs/app/api-ref
erence/config/next-co
nfig-js/turbopack#roo
t-directory for more 
information.
 Detected additional 
lockfiles: 
   * C:\Users\Vaibhav
\Desktop\OdooxGCET\Le
aseo\package-lock.jso
n

Γû▓ Next.js 16.1.1 (Turbopack)
- Environments: .env

ΓÜá The "middleware" 
file convention is 
deprecated. Please 
use "proxy" instead. 
Learn more: https://n
extjs.org/docs/messag
es/middleware-to-prox
y
  Creating an optimized production build ...

> Build error 
occurred
Error: Turbopack 
build failed with 2 
errors:
./Desktop/OdooxGCET/L
easeo/src/app/orders/
[id]/page.tsx:42:1
Export 
getOrderDetails 
doesn't exist in 
target module
[0m [90m 40 |[39m 
} [36mfrom[39m [32
m"@/components/ui/ale
rt-dialog"[39m[33m;
[39m
 [90m 41 |[39m 
[36mimport[39m { 
toast } 
[36mfrom[39m [32m"
sonner"[39m[33m;[3
9m
[31m[1m>[22m[39m
[90m 42 |[39m 
[36mimport[39m { ge
tOrderDetails[33m,[
39m cancelOrder } 
[36mfrom[39m [32m"
@/actions/orders"[39
m[33m;[39m
 [90m    |[39m [31
m[1m^[22m[39m[31m
[1m^[22m[39m[31m
[1m^[22m[39m[31m[
1m^[22m[39m[31m[1
m^[22m[39m[31m[1m
^[22m[39m[31m[1m^
[22m[39m[31m[1m^
[22m[39m[31m[1m^[
22m[39m[31m[1m^[2
2m[39m[31m[1m^[22
m[39m[31m[1m^[22m
[39m[31m[1m^[22m
[39m[31m[1m^[22m[
39m[31m[1m^[22m[3
9m[31m[1m^[22m[39
m[31m[1m^[22m[39m
[31m[1m^[22m[39m
[31m[1m^[22m[39m[
31m[1m^[22m[39m[3
1m[1m^[22m[39m[31
m[1m^[22m[39m[31m
[1m^[22m[39m[31m
[1m^[22m[39m[31m[
1m^[22m[39m[31m[1
m^[22m[39m[31m[1m
^[22m[39m[31m[1m^
[22m[39m[31m[1m^
[22m[39m[31m[1m^[
22m[39m[31m[1m^[2
2m[39m[31m[1m^[22
m[39m[31m[1m^[22m
[39m[31m[1m^[22m
[39m[31m[1m^[22m[
39m[31m[1m^[22m[3
9m[31m[1m^[22m[39
m[31m[1m^[22m[39m
[31m[1m^[22m[39m
[31m[1m^[22m[39m[
31m[1m^[22m[39m[3
1m[1m^[22m[39m[31
m[1m^[22m[39m[31m
[1m^[22m[39m[31m
[1m^[22m[39m[31m[
1m^[22m[39m[31m[1
m^[22m[39m[31m[1m
^[22m[39m[31m[1m^
[22m[39m[31m[1m^
[22m[39m[31m[1m^[
22m[39m[31m[1m^[2
2m[39m[31m[1m^[22
m[39m[31m[1m^[22m
[39m[31m[1m^[22m
[39m[31m[1m^[22m[
39m[31m[1m^[22m[3
9m[31m[1m^[22m[39
m[31m[1m^[22m[39m
[31m[1m^[22m[39m
[31m[1m^[22m[39m[
31m[1m^[22m[39m[3
1m[1m^[22m[39m[31
m[1m^[22m[39m
 [90m 43 |[39m 
[36mimport[39m 
jsPDF [36mfrom[39m 
[32m"jspdf"[39m[33
m;[39m
 [90m 44 |[39m 
[36mimport[39m 
autoTable 
[36mfrom[39m [32m"
jspdf-autotable"[39m
[33m;[39m
 [90m 45 |[39m 
[36mimport[39m { 
cn } [36mfrom[39m 
[32m"@/lib/utils"[39
m[33m;[39m[0m

The export 
getOrderDetails was 
not found in module [
project]/Desktop/Odoo
xGCET/Leaseo/src/acti
ons/orders.ts 
[app-client] 
(ecmascript).
Did you mean to 
import getOrders?
All exports of the 
module are 
statically known (It 
doesn't have dynamic 
exports). So it's 
known statically 
that the requested 
export doesn't exist.

Import traces:
  Client Component 
Browser:
    ./Desktop/OdooxGC
ET/Leaseo/src/app/ord
ers/[id]/page.tsx 
[Client Component 
Browser]
    ./Desktop/OdooxGC
ET/Leaseo/src/app/ord
ers/[id]/page.tsx 
[Server Component]

  Client Component 
SSR:
    ./Desktop/OdooxGC
ET/Leaseo/src/app/ord
ers/[id]/page.tsx 
[Client Component 
SSR]
    ./Desktop/OdooxGC
ET/Leaseo/src/app/ord
ers/[id]/page.tsx 
[Server Component]


./Desktop/OdooxGCET/L
easeo/src/app/orders/
[id]/page.tsx:42:1
Export 
getOrderDetails 
doesn't exist in 
target module
[0m [90m 40 |[39m 
} [36mfrom[39m [32
m"@/components/ui/ale
rt-dialog"[39m[33m;
[39m
 [90m 41 |[39m 
[36mimport[39m { 
toast } 
[36mfrom[39m [32m"
sonner"[39m[33m;[3
9m
[31m[1m>[22m[39m
[90m 42 |[39m 
[36mimport[39m { ge
tOrderDetails[33m,[
39m cancelOrder } 
[36mfrom[39m [32m"
@/actions/orders"[39
m[33m;[39m
 [90m    |[39m [31
m[1m^[22m[39m[31m
[1m^[22m[39m[31m
[1m^[22m[39m[31m[
1m^[22m[39m[31m[1
m^[22m[39m[31m[1m
^[22m[39m[31m[1m^
[22m[39m[31m[1m^
[22m[39m[31m[1m^[
22m[39m[31m[1m^[2
2m[39m[31m[1m^[22
m[39m[31m[1m^[22m
[39m[31m[1m^[22m
[39m[31m[1m^[22m[
39m[31m[1m^[22m[3
9m[31m[1m^[22m[39
m[31m[1m^[22m[39m
[31m[1m^[22m[39m
[31m[1m^[22m[39m[
31m[1m^[22m[39m[3
1m[1m^[22m[39m[31
m[1m^[22m[39m[31m
[1m^[22m[39m[31m
[1m^[22m[39m[31m[
1m^[22m[39m[31m[1
m^[22m[39m[31m[1m
^[22m[39m[31m[1m^
[22m[39m[31m[1m^
[22m[39m[31m[1m^[
22m[39m[31m[1m^[2
2m[39m[31m[1m^[22
m[39m[31m[1m^[22m
[39m[31m[1m^[22m
[39m[31m[1m^[22m[
39m[31m[1m^[22m[3
9m[31m[1m^[22m[39
m[31m[1m^[22m[39m
[31m[1m^[22m[39m
[31m[1m^[22m[39m[
31m[1m^[22m[39m[3
1m[1m^[22m[39m[31
m[1m^[22m[39m[31m
[1m^[22m[39m[31m
[1m^[22m[39m[31m[
1m^[22m[39m[31m[1
m^[22m[39m[31m[1m
^[22m[39m[31m[1m^
[22m[39m[31m[1m^
[22m[39m[31m[1m^[
22m[39m[31m[1m^[2
2m[39m[31m[1m^[22
m[39m[31m[1m^[22m
[39m[31m[1m^[22m
[39m[31m[1m^[22m[
39m[31m[1m^[22m[3
9m[31m[1m^[22m[39
m[31m[1m^[22m[39m
[31m[1m^[22m[39m
[31m[1m^[22m[39m[
31m[1m^[22m[39m[3
1m[1m^[22m[39m[31
m[1m^[22m[39m
 [90m 43 |[39m 
[36mimport[39m 
jsPDF [36mfrom[39m 
[32m"jspdf"[39m[33
m;[39m
 [90m 44 |[39m 
[36mimport[39m 
autoTable 
[36mfrom[39m [32m"
jspdf-autotable"[39m
[33m;[39m
 [90m 45 |[39m 
[36mimport[39m { 
cn } [36mfrom[39m 
[32m"@/lib/utils"[39
m[33m;[39m[0m

The export 
getOrderDetails was 
not found in module [
project]/Desktop/Odoo
xGCET/Leaseo/src/acti
ons/orders.ts 
[app-ssr] 
(ecmascript).
Did you mean to 
import getOrders?
All exports of the 
module are 
statically known (It 
doesn't have dynamic 
exports). So it's 
known statically 
that the requested 
export doesn't exist.

Import traces:
  Client Component 
Browser:
    ./Desktop/OdooxGC
ET/Leaseo/src/app/ord
ers/[id]/page.tsx 
[Client Component 
Browser]
    ./Desktop/OdooxGC
ET/Leaseo/src/app/ord
ers/[id]/page.tsx 
[Server Component]

  Client Component 
SSR:
    ./Desktop/OdooxGC
ET/Leaseo/src/app/ord
ers/[id]/page.tsx 
[Client Component 
SSR]
    ./Desktop/OdooxGC
ET/Leaseo/src/app/ord
ers/[id]/page.tsx 
[Server Component]


    at <unknown> (./D
esktop/OdooxGCET/Leas
eo/src/app/orders/[id
]/page.tsx:42:1)
    at <unknown> (./D
esktop/OdooxGCET/Leas
eo/src/app/orders/[id
]/page.tsx:42:1)
